------------------------------------------------------------
Timing Analyzer Summary
------------------------------------------------------------

Type  : Slow 1200mV 85C Model Setup 'CLK'
Slack : -5.961
TNS   : -145.600

Type  : Slow 1200mV 85C Model Setup 'divisor_de_clock:inst11|lpm_counter:inst|cntr_d2i:auto_generated|counter_reg_bit[0]'
Slack : -1.505
TNS   : -1.505

Type  : Slow 1200mV 85C Model Setup 'Botao'
Slack : 0.114
TNS   : 0.000

Type  : Slow 1200mV 85C Model Hold 'CLK'
Slack : -1.500
TNS   : -17.531

Type  : Slow 1200mV 85C Model Hold 'Botao'
Slack : 0.497
TNS   : 0.000

Type  : Slow 1200mV 85C Model Hold 'divisor_de_clock:inst11|lpm_counter:inst|cntr_d2i:auto_generated|counter_reg_bit[0]'
Slack : 0.497
TNS   : 0.000

Type  : Slow 1200mV 85C Model Minimum Pulse Width 'CLK'
Slack : -3.000
TNS   : -40.175

Type  : Slow 1200mV 85C Model Minimum Pulse Width 'Botao'
Slack : -3.000
TNS   : -4.487

Type  : Slow 1200mV 85C Model Minimum Pulse Width 'divisor_de_clock:inst11|lpm_counter:inst|cntr_d2i:auto_generated|counter_reg_bit[0]'
Slack : -1.487
TNS   : -8.125

Type  : Slow 1200mV 0C Model Setup 'CLK'
Slack : -5.594
TNS   : -136.454

Type  : Slow 1200mV 0C Model Setup 'divisor_de_clock:inst11|lpm_counter:inst|cntr_d2i:auto_generated|counter_reg_bit[0]'
Slack : -1.108
TNS   : -1.108

Type  : Slow 1200mV 0C Model Setup 'Botao'
Slack : 0.208
TNS   : 0.000

Type  : Slow 1200mV 0C Model Hold 'CLK'
Slack : -1.400
TNS   : -17.364

Type  : Slow 1200mV 0C Model Hold 'Botao'
Slack : 0.445
TNS   : 0.000

Type  : Slow 1200mV 0C Model Hold 'divisor_de_clock:inst11|lpm_counter:inst|cntr_d2i:auto_generated|counter_reg_bit[0]'
Slack : 0.445
TNS   : 0.000

Type  : Slow 1200mV 0C Model Minimum Pulse Width 'CLK'
Slack : -3.000
TNS   : -40.175

Type  : Slow 1200mV 0C Model Minimum Pulse Width 'Botao'
Slack : -3.000
TNS   : -4.487

Type  : Slow 1200mV 0C Model Minimum Pulse Width 'divisor_de_clock:inst11|lpm_counter:inst|cntr_d2i:auto_generated|counter_reg_bit[0]'
Slack : -1.487
TNS   : -6.574

Type  : Fast 1200mV 0C Model Setup 'CLK'
Slack : -1.982
TNS   : -48.222

Type  : Fast 1200mV 0C Model Setup 'divisor_de_clock:inst11|lpm_counter:inst|cntr_d2i:auto_generated|counter_reg_bit[0]'
Slack : -0.167
TNS   : -0.167

Type  : Fast 1200mV 0C Model Setup 'Botao'
Slack : 0.626
TNS   : 0.000

Type  : Fast 1200mV 0C Model Hold 'CLK'
Slack : -0.727
TNS   : -8.772

Type  : Fast 1200mV 0C Model Hold 'Botao'
Slack : 0.208
TNS   : 0.000

Type  : Fast 1200mV 0C Model Hold 'divisor_de_clock:inst11|lpm_counter:inst|cntr_d2i:auto_generated|counter_reg_bit[0]'
Slack : 0.208
TNS   : 0.000

Type  : Fast 1200mV 0C Model Minimum Pulse Width 'CLK'
Slack : -3.000
TNS   : -28.501

Type  : Fast 1200mV 0C Model Minimum Pulse Width 'Botao'
Slack : -3.000
TNS   : -4.042

Type  : Fast 1200mV 0C Model Minimum Pulse Width 'divisor_de_clock:inst11|lpm_counter:inst|cntr_d2i:auto_generated|counter_reg_bit[0]'
Slack : -1.000
TNS   : -2.717

------------------------------------------------------------
