------------------------------------------------------------
Timing Analyzer Summary
------------------------------------------------------------

Type  : Slow 1200mV 85C Model Setup 'CLK'
Slack : -6.021
TNS   : -145.594

Type  : Slow 1200mV 85C Model Setup 'divisor_de_clock:inst11|lpm_counter:inst|cntr_d2i:auto_generated|counter_reg_bit[0]'
Slack : -1.244
TNS   : -1.244

Type  : Slow 1200mV 85C Model Setup 'Botao'
Slack : 0.114
TNS   : 0.000

Type  : Slow 1200mV 85C Model Setup 'mux_display:inst5|inst2'
Slack : 0.114
TNS   : 0.000

Type  : Slow 1200mV 85C Model Hold 'CLK'
Slack : -1.834
TNS   : -25.788

Type  : Slow 1200mV 85C Model Hold 'Botao'
Slack : 0.497
TNS   : 0.000

Type  : Slow 1200mV 85C Model Hold 'divisor_de_clock:inst11|lpm_counter:inst|cntr_d2i:auto_generated|counter_reg_bit[0]'
Slack : 0.497
TNS   : 0.000

Type  : Slow 1200mV 85C Model Hold 'mux_display:inst5|inst2'
Slack : 0.497
TNS   : 0.000

Type  : Slow 1200mV 85C Model Minimum Pulse Width 'CLK'
Slack : -3.000
TNS   : -41.662

Type  : Slow 1200mV 85C Model Minimum Pulse Width 'Botao'
Slack : -3.000
TNS   : -4.487

Type  : Slow 1200mV 85C Model Minimum Pulse Width 'divisor_de_clock:inst11|lpm_counter:inst|cntr_d2i:auto_generated|counter_reg_bit[0]'
Slack : -1.487
TNS   : -6.703

Type  : Slow 1200mV 85C Model Minimum Pulse Width 'mux_display:inst5|inst2'
Slack : -1.487
TNS   : -1.487

Type  : Slow 1200mV 0C Model Setup 'CLK'
Slack : -5.643
TNS   : -136.416

Type  : Slow 1200mV 0C Model Setup 'divisor_de_clock:inst11|lpm_counter:inst|cntr_d2i:auto_generated|counter_reg_bit[0]'
Slack : -0.853
TNS   : -0.853

Type  : Slow 1200mV 0C Model Setup 'Botao'
Slack : 0.208
TNS   : 0.000

Type  : Slow 1200mV 0C Model Setup 'mux_display:inst5|inst2'
Slack : 0.208
TNS   : 0.000

Type  : Slow 1200mV 0C Model Hold 'CLK'
Slack : -1.704
TNS   : -24.912

Type  : Slow 1200mV 0C Model Hold 'Botao'
Slack : 0.445
TNS   : 0.000

Type  : Slow 1200mV 0C Model Hold 'divisor_de_clock:inst11|lpm_counter:inst|cntr_d2i:auto_generated|counter_reg_bit[0]'
Slack : 0.445
TNS   : 0.000

Type  : Slow 1200mV 0C Model Hold 'mux_display:inst5|inst2'
Slack : 0.445
TNS   : 0.000

Type  : Slow 1200mV 0C Model Minimum Pulse Width 'CLK'
Slack : -3.000
TNS   : -41.662

Type  : Slow 1200mV 0C Model Minimum Pulse Width 'Botao'
Slack : -3.000
TNS   : -4.487

Type  : Slow 1200mV 0C Model Minimum Pulse Width 'divisor_de_clock:inst11|lpm_counter:inst|cntr_d2i:auto_generated|counter_reg_bit[0]'
Slack : -1.487
TNS   : -5.239

Type  : Slow 1200mV 0C Model Minimum Pulse Width 'mux_display:inst5|inst2'
Slack : -1.487
TNS   : -1.487

Type  : Fast 1200mV 0C Model Setup 'CLK'
Slack : -2.147
TNS   : -50.451

Type  : Fast 1200mV 0C Model Setup 'divisor_de_clock:inst11|lpm_counter:inst|cntr_d2i:auto_generated|counter_reg_bit[0]'
Slack : -0.061
TNS   : -0.061

Type  : Fast 1200mV 0C Model Setup 'Botao'
Slack : 0.626
TNS   : 0.000

Type  : Fast 1200mV 0C Model Setup 'mux_display:inst5|inst2'
Slack : 0.626
TNS   : 0.000

Type  : Fast 1200mV 0C Model Hold 'CLK'
Slack : -0.895
TNS   : -12.960

Type  : Fast 1200mV 0C Model Hold 'Botao'
Slack : 0.208
TNS   : 0.000

Type  : Fast 1200mV 0C Model Hold 'divisor_de_clock:inst11|lpm_counter:inst|cntr_d2i:auto_generated|counter_reg_bit[0]'
Slack : 0.208
TNS   : 0.000

Type  : Fast 1200mV 0C Model Hold 'mux_display:inst5|inst2'
Slack : 0.208
TNS   : 0.000

Type  : Fast 1200mV 0C Model Minimum Pulse Width 'CLK'
Slack : -3.000
TNS   : -29.259

Type  : Fast 1200mV 0C Model Minimum Pulse Width 'Botao'
Slack : -3.000
TNS   : -4.042

Type  : Fast 1200mV 0C Model Minimum Pulse Width 'divisor_de_clock:inst11|lpm_counter:inst|cntr_d2i:auto_generated|counter_reg_bit[0]'
Slack : -1.000
TNS   : -2.057

Type  : Fast 1200mV 0C Model Minimum Pulse Width 'mux_display:inst5|inst2'
Slack : -1.000
TNS   : -1.000

------------------------------------------------------------
